$ hadoop fs -cat HadoopEssentials/input/LineItems.txt | head -5
1|155190|7706|1|17|21168.23|0.04|0.02|N|O|1996-03-13|1996-02-12|1996-03-22|DELIVER IN PERSON|TRUCK|egular courts above the|
1|67310|7311|2|36|45983.16|0.09|0.06|N|O|1996-04-12|1996-02-28|1996-04-20|TAKE BACK RETURN|MAIL|ly final dependencies: slyly bold|
1|63700|3701|3|8|13309.6|0.1|0.02|N|O|1996-01-29|1996-03-05|1996-01-31|TAKE BACK RETURN|REG AIR|riously. regular, express dep|
1|2132|4633|4|28|28955.64|0.09|0.06|N|O|1996-04-21|1996-03-30|1996-05-16|NONE|AIR|lites. fluffily even de|
1|24027|1534|5|24|22824.48|0.1|0.04|N|O|1996-03-30|1996-03-14|1996-04-01|NONE|FOB|pending foxes. slyly re|
cat: Unable to write to output stream.
$
$ hadoop fs -cat HadoopEssentials/input/Parts.dat | head -5
1|goldenrod lace spring peru powder|Manufacturer#1|Brand#13|PROMO BURNISHED COPPER|7|JUMBO PKG|901|ly. slyly ironi|
2|blush rosy metallic lemon navajo|Manufacturer#1|Brand#13|LARGE BRUSHED BRASS|1|LG CASE|902|lar accounts amo|
3|dark green antique puff wheat|Manufacturer#4|Brand#42|STANDARD POLISHED BRASS|21|WRAP CASE|903|egular deposits hag|
4|chocolate metallic smoke ghost drab|Manufacturer#3|Brand#34|SMALL PLATED BRASS|14|MED DRUM|904|p furiously r|
5|forest blush chiffon thistle chocolate|Manufacturer#3|Brand#32|STANDARD POLISHED TIN|15|SM PKG|905|wake carefully|
cat: Unable to write to output stream.
$
$
$ hadoop jar HadoopEssentials.jar com.krish.hadoop.join.JoinDriver -D mapreduce.job.reduces=4 HadoopEssentials/input/LineItems.txt HadoopEssentials/input/Parts.dat HadoopEssentials/output/Join

16/05/07 03:56:46 INFO mapreduce.Job: Running job: job_1462345706952_0081
16/05/07 03:56:52 INFO mapreduce.Job: Job job_1462345706952_0081 running in uber mode : false
16/05/07 03:56:52 INFO mapreduce.Job:  map 0% reduce 0%
16/05/07 03:57:03 INFO mapreduce.Job:  map 7% reduce 0%
16/05/07 03:57:06 INFO mapreduce.Job:  map 12% reduce 0%
16/05/07 03:57:07 INFO mapreduce.Job:  map 17% reduce 0%
16/05/07 03:57:09 INFO mapreduce.Job:  map 18% reduce 0%
16/05/07 03:57:12 INFO mapreduce.Job:  map 19% reduce 0%
16/05/07 03:57:15 INFO mapreduce.Job:  map 20% reduce 0%
16/05/07 03:57:18 INFO mapreduce.Job:  map 21% reduce 0%
16/05/07 03:57:21 INFO mapreduce.Job:  map 22% reduce 0%
16/05/07 03:57:24 INFO mapreduce.Job:  map 23% reduce 0%
16/05/07 03:57:27 INFO mapreduce.Job:  map 24% reduce 0%
16/05/07 03:57:30 INFO mapreduce.Job:  map 25% reduce 0%
16/05/07 03:57:32 INFO mapreduce.Job:  map 26% reduce 0%
16/05/07 03:57:35 INFO mapreduce.Job:  map 27% reduce 0%
16/05/07 03:57:38 INFO mapreduce.Job:  map 28% reduce 0%
16/05/07 03:57:41 INFO mapreduce.Job:  map 29% reduce 0%
16/05/07 03:57:42 INFO mapreduce.Job:  map 30% reduce 0%
16/05/07 03:57:45 INFO mapreduce.Job:  map 31% reduce 0%
16/05/07 03:57:48 INFO mapreduce.Job:  map 32% reduce 0%
16/05/07 03:57:51 INFO mapreduce.Job:  map 33% reduce 0%
16/05/07 03:57:54 INFO mapreduce.Job:  map 34% reduce 0%
16/05/07 03:57:58 INFO mapreduce.Job:  map 35% reduce 0%
16/05/07 03:58:01 INFO mapreduce.Job:  map 36% reduce 0%
16/05/07 03:58:04 INFO mapreduce.Job:  map 37% reduce 0%
16/05/07 03:58:07 INFO mapreduce.Job:  map 38% reduce 0%
16/05/07 03:58:10 INFO mapreduce.Job:  map 39% reduce 0%
16/05/07 03:58:12 INFO mapreduce.Job:  map 40% reduce 0%
16/05/07 03:58:15 INFO mapreduce.Job:  map 41% reduce 0%
16/05/07 03:58:18 INFO mapreduce.Job:  map 42% reduce 0%
16/05/07 03:58:21 INFO mapreduce.Job:  map 43% reduce 0%
16/05/07 03:58:24 INFO mapreduce.Job:  map 44% reduce 0%
16/05/07 03:58:25 INFO mapreduce.Job:  map 45% reduce 0%
16/05/07 03:58:28 INFO mapreduce.Job:  map 46% reduce 0%
16/05/07 03:58:31 INFO mapreduce.Job:  map 47% reduce 0%
16/05/07 03:58:34 INFO mapreduce.Job:  map 48% reduce 0%
16/05/07 03:58:37 INFO mapreduce.Job:  map 49% reduce 0%
16/05/07 03:58:40 INFO mapreduce.Job:  map 50% reduce 0%
16/05/07 03:58:43 INFO mapreduce.Job:  map 51% reduce 0%
16/05/07 03:58:46 INFO mapreduce.Job:  map 52% reduce 0%
16/05/07 03:58:49 INFO mapreduce.Job:  map 58% reduce 0%
16/05/07 03:58:53 INFO mapreduce.Job:  map 59% reduce 0%
16/05/07 03:58:57 INFO mapreduce.Job:  map 60% reduce 0%
16/05/07 03:59:00 INFO mapreduce.Job:  map 61% reduce 0%
16/05/07 03:59:04 INFO mapreduce.Job:  map 62% reduce 0%
16/05/07 03:59:08 INFO mapreduce.Job:  map 63% reduce 0%
16/05/07 03:59:11 INFO mapreduce.Job:  map 64% reduce 0%
16/05/07 03:59:15 INFO mapreduce.Job:  map 65% reduce 0%
16/05/07 03:59:19 INFO mapreduce.Job:  map 66% reduce 0%
16/05/07 03:59:23 INFO mapreduce.Job:  map 67% reduce 0%
16/05/07 03:59:26 INFO mapreduce.Job:  map 68% reduce 0%
16/05/07 03:59:30 INFO mapreduce.Job:  map 69% reduce 0%
16/05/07 03:59:34 INFO mapreduce.Job:  map 70% reduce 0%
16/05/07 03:59:38 INFO mapreduce.Job:  map 71% reduce 0%
16/05/07 03:59:41 INFO mapreduce.Job:  map 72% reduce 0%
16/05/07 03:59:45 INFO mapreduce.Job:  map 73% reduce 0%
16/05/07 03:59:49 INFO mapreduce.Job:  map 74% reduce 0%
16/05/07 03:59:52 INFO mapreduce.Job:  map 75% reduce 0%
16/05/07 03:59:55 INFO mapreduce.Job:  map 80% reduce 0%
16/05/07 03:59:57 INFO mapreduce.Job:  map 85% reduce 0%
16/05/07 04:00:02 INFO mapreduce.Job:  map 86% reduce 0%
16/05/07 04:00:03 INFO mapreduce.Job:  map 90% reduce 0%
16/05/07 04:00:04 INFO mapreduce.Job:  map 95% reduce 0%
16/05/07 04:00:05 INFO mapreduce.Job:  map 100% reduce 0%
16/05/07 04:00:16 INFO mapreduce.Job:  map 100% reduce 50%
16/05/07 04:00:17 INFO mapreduce.Job:  map 100% reduce 67%
16/05/07 04:00:22 INFO mapreduce.Job:  map 100% reduce 68%
16/05/07 04:00:29 INFO mapreduce.Job:  map 100% reduce 69%
16/05/07 04:00:37 INFO mapreduce.Job:  map 100% reduce 70%
16/05/07 04:00:44 INFO mapreduce.Job:  map 100% reduce 71%
16/05/07 04:00:52 INFO mapreduce.Job:  map 100% reduce 72%
16/05/07 04:00:59 INFO mapreduce.Job:  map 100% reduce 73%
16/05/07 04:01:07 INFO mapreduce.Job:  map 100% reduce 74%
16/05/07 04:01:14 INFO mapreduce.Job:  map 100% reduce 75%
16/05/07 04:01:22 INFO mapreduce.Job:  map 100% reduce 76%
16/05/07 04:01:30 INFO mapreduce.Job:  map 100% reduce 77%
16/05/07 04:01:38 INFO mapreduce.Job:  map 100% reduce 78%
16/05/07 04:01:46 INFO mapreduce.Job:  map 100% reduce 79%
16/05/07 04:01:53 INFO mapreduce.Job:  map 100% reduce 80%
16/05/07 04:02:01 INFO mapreduce.Job:  map 100% reduce 81%
16/05/07 04:02:08 INFO mapreduce.Job:  map 100% reduce 82%
16/05/07 04:02:16 INFO mapreduce.Job:  map 100% reduce 83%
16/05/07 04:02:24 INFO mapreduce.Job:  map 100% reduce 84%
16/05/07 04:02:31 INFO mapreduce.Job:  map 100% reduce 85%
16/05/07 04:02:39 INFO mapreduce.Job:  map 100% reduce 86%
16/05/07 04:02:46 INFO mapreduce.Job:  map 100% reduce 87%
16/05/07 04:02:54 INFO mapreduce.Job:  map 100% reduce 88%
16/05/07 04:03:00 INFO mapreduce.Job:  map 100% reduce 89%
16/05/07 04:03:09 INFO mapreduce.Job:  map 100% reduce 90%
16/05/07 04:03:15 INFO mapreduce.Job:  map 100% reduce 91%
16/05/07 04:03:24 INFO mapreduce.Job:  map 100% reduce 92%
16/05/07 04:03:30 INFO mapreduce.Job:  map 100% reduce 93%
16/05/07 04:03:38 INFO mapreduce.Job:  map 100% reduce 94%
16/05/07 04:03:45 INFO mapreduce.Job:  map 100% reduce 95%
16/05/07 04:03:53 INFO mapreduce.Job:  map 100% reduce 96%
16/05/07 04:04:00 INFO mapreduce.Job:  map 100% reduce 97%
16/05/07 04:04:06 INFO mapreduce.Job:  map 100% reduce 98%
16/05/07 04:04:15 INFO mapreduce.Job:  map 100% reduce 99%
16/05/07 04:04:24 INFO mapreduce.Job:  map 100% reduce 100%
16/05/07 04:04:29 INFO mapreduce.Job: Job job_1462345706952_0081 completed successfully
16/05/07 04:04:29 INFO mapreduce.Job: Counters: 49
        File System Counters
                FILE: Number of bytes read=315634411
                FILE: Number of bytes written=651312411
                FILE: Number of read operations=0
                FILE: Number of large read operations=0
                FILE: Number of write operations=0
                HDFS: Number of bytes read=776370348
                HDFS: Number of bytes written=1051864365
                HDFS: Number of read operations=33
                HDFS: Number of large read operations=0
                HDFS: Number of write operations=8
        Job Counters
                Launched map tasks=7
                Launched reduce tasks=4
                Data-local map tasks=7
                Total time spent by all maps in occupied slots (ms)=1062366
                Total time spent by all reduces in occupied slots (ms)=1028968
                Total time spent by all map tasks (ms)=1062366
                Total time spent by all reduce tasks (ms)=1028968
                Total vcore-seconds taken by all map tasks=1062366
                Total vcore-seconds taken by all reduce tasks=1028968
                Total megabyte-seconds taken by all map tasks=1087862784
                Total megabyte-seconds taken by all reduce tasks=1053663232
        Map-Reduce Framework
                Map input records=6201215
                Map output records=6201215
                Map output bytes=658731073
                Map output materialized bytes=334375888
                Input split bytes=1966
                Combine input records=0
                Combine output records=0
                Reduce input groups=200000
                Reduce shuffle bytes=334375888
                Reduce input records=6201215
                Reduce output records=6001215
                Spilled Records=12402430
                Shuffled Maps =28
                Failed Shuffles=0
                Merged Map outputs=28
                GC time elapsed (ms)=43427
                CPU time spent (ms)=2271410
                Physical memory (bytes) snapshot=7297368064
                Virtual memory (bytes) snapshot=30869979136
                Total committed heap usage (bytes)=8083472384
        Shuffle Errors
                BAD_ID=0
                CONNECTION=0
                IO_ERROR=0
                WRONG_LENGTH=0
                WRONG_MAP=0
                WRONG_REDUCE=0
        File Input Format Counters
                Bytes Read=0
        File Output Format Counters
                Bytes Written=1051864365
$
$
$ hadoop fs -ls HadoopEssentials/output/Join
Found 5 items
-rw-r--r--   3 bigdatakrish staff          0 2016-05-07 04:04 HadoopEssentials/output/Join/_SUCCESS
-rw-r--r--   3 bigdatakrish staff  262719326 2016-05-07 04:04 HadoopEssentials/output/Join/part-r-00000
-rw-r--r--   3 bigdatakrish staff  263272951 2016-05-07 04:04 HadoopEssentials/output/Join/part-r-00001
-rw-r--r--   3 bigdatakrish staff  263093272 2016-05-07 04:04 HadoopEssentials/output/Join/part-r-00002
-rw-r--r--   3 bigdatakrish staff  262778816 2016-05-07 04:04 HadoopEssentials/output/Join/part-r-00003
$
$
$ hadoop fs -cat HadoopEssentials/output/Join/part-r-00001 | head -5
5362629|1|5002|3|33|29733.0|0.0|0.07|R|1995-04-06|1995-02-11|1995-04-25|TAKE BACK RETURN|AIR|goldenrod lace spring peru powder|Manufacturer#1|Brand#13|PROMO BURNISHED COPPER
5618244|1|7502|5|21|18921.0|0.02|0.08|N|1998-10-17|1998-08-31|1998-10-25|NONE|REG AIR|goldenrod lace spring peru powder|Manufacturer#1|Brand#13|PROMO BURNISHED COPPER
5926723|1|2|2|32|28832.0|0.02|0.05|A|1992-09-27|1992-09-14|1992-10-23|COLLECT COD|FOB|goldenrod lace spring peru powder|Manufacturer#1|Brand#13|PROMO BURNISHED COPPER
5862498|1|2|6|38|34238.0|0.09|0.08|A|1994-08-29|1994-09-22|1994-09-07|TAKE BACK RETURN|RAIL|goldenrod lace spring peru powder|Manufacturer#1|Brand#13|PROMO BURNISHED COPPER
4168578|1|5002|3|23|20723.0|0.08|0.03|A|1995-04-16|1995-05-04|1995-05-07|COLLECT COD|TRUCK|goldenrod lace spring peru powder|Manufacturer#1|Brand#13|PROMO BURNISHED COPPER
cat: Unable to write to output stream.
$